// Jest Snapshot v1, https://goo.gl/fbAQLP

exports[`basic spec counter 1`] = `
<div>
  <div>
    <span>
      0
    </span>
    <button
      type="button"
    >
      +1
    </button>
    <span>
      1
    </span>
  </div>
  <div>
    <span>
      0
    </span>
    <button
      type="button"
    >
      +1
    </button>
    <span
      data-testid="counter2"
    >
      1
    </span>
  </div>
</div>
`;

exports[`basic spec counter 2`] = `
<div>
  <div>
    <span>
      1
    </span>
    <button
      type="button"
    >
      +1
    </button>
    <span>
      3
    </span>
  </div>
  <div>
    <span>
      0
    </span>
    <button
      type="button"
    >
      +1
    </button>
    <span
      data-testid="counter2"
    >
      1
    </span>
  </div>
</div>
`;
